List findings.

Without --target, the most recent scan's findings are listed.
With --target, every scan for that target is aggregated.
--severity (low|medium|high|critical) filters within the result.

Usage:
  usulnet recon findings list [flags]

Examples:
  usulnet recon findings list
  usulnet recon findings list --target <target-id>
  usulnet recon findings list --target <target-id> --severity high --output json

Flags:
  -h, --help              help for list
      --severity string   filter findings by severity
      --target string     filter findings by target ID

Global Flags:
  -c, --config string   config file path (default: /etc/usulnet/config.yaml or ./config.yaml)
      --json            shortcut for --output json (overrides --output)
      --output string   output format: table|json|yaml (default "table")
  -q, --quiet           suppress informational output (errors and primary data still print)
      --server string   usulnet API URL (default $USULNET_API_URL)
      --token string    API token (default $USULNET_API_TOKEN)
