Start ownership verification (uses rdap_match by default)

Usage:
  usulnet recon target verify <id> [flags]

Flags:
  -h, --help   help for verify

Global Flags:
  -c, --config string   config file path (default: /etc/usulnet/config.yaml or ./config.yaml)
      --output string   output format: table|json|yaml (default "table")
      --server string   usulnet API URL (default $USULNET_API_URL)
      --token string    API token (default $USULNET_API_TOKEN)
